<html>
<body>
<pre>
<h1>µVision Build Log</h1>
<h2>Tool Versions:</h2>
IDE-Version: µVision V5.38.0.0
Copyright (C) 2022 ARM Ltd and ARM Germany GmbH. All rights reserved.
License Information: Yehia Hasan, Ain Shams University, LIC=42BR6-XPZEX-1SYYQ-125NM-LP21Y-W2ZVP
 
Tool Versions:
Toolchain:       MDK-ARM Community  Version: 5.38.0.0
Toolchain Path:  C:\Keil_v5\ARM\ARMCLANG\Bin
C Compiler:      ArmClang.exe V6.19
Assembler:       Armasm.exe V6.19
Linker/Locator:  ArmLink.exe V6.19
Library Manager: ArmAr.exe V6.19
Hex Converter:   FromElf.exe V6.19
CPU DLL:         SARMCM3.DLL V5.38.0.0
Dialog DLL:      DCM.DLL V1.17.5.0
Target DLL:      lmidk-agdi.dll V???
Dialog DLL:      TCM.DLL V1.56.4.0
 
<h2>Project:</h2>
C:\Users\user\Desktop\Keil Projects\RTOS Lab 1\rtos.uvprojx
Project File Date:  02/21/2024

<h2>Output:</h2>
*** Using Compiler 'V6.19', folder: 'C:\Keil_v5\ARM\ARMCLANG\Bin'
Build target 'Target 1'
main.c(1): warning: // comments are not allowed in this language [-Wcomment]
//Made by Team 7
^
main.c(8): warning: In file included from...
./tm4c123gh6pm.h(1): warning: // comments are not allowed in this language [-Wcomment]
// tm4c123gh6pm.h - TM4C123GH6PM Register Definitions
^
main.c(9): warning: In file included from...
./DIO.h(2): warning: In file included from...
./bitwise_operation.h(4): warning: // comments are not allowed in this language [-Wcomment]
//#define Get_Bit(Register,Bit)  ({uint8 retval;retval=(Register&(1<<Bit)>>Bit;retval;})
^
./bitwise_operation.h(9): warning: no newline at end of file [-Wnewline-eof]
#define Toggle_Bit(Register,Bit)((Register)^=(1<<Bit))
                                                      ^
main.c(9): warning: In file included from...
./DIO.h(3): warning: In file included from...
./types.h(4): warning: redefinition of typedef 'uint8' is a C11 feature [-Wtypedef-redefinition]
typedef unsigned char uint8;
                      ^
./bitwise_operation.h(1): note: previous definition is here
typedef unsigned char uint8;
                      ^
main.c(9): warning: In file included from...
./DIO.h(5): warning: // comments are not allowed in this language [-Wcomment]
//6 Ports A-F
^
main.c(10): warning: In file included from...
./SYSTICK.h(1): warning: In file included from...
./types.h(3): warning: redefinition of typedef 'int8' is a C11 feature [-Wtypedef-redefinition]
typedef char int8;
             ^
./DIO.h(3): note: './types.h' included multiple times, additional include site here
#include "types.h"
         ^
./SYSTICK.h(1): note: './types.h' included multiple times, additional include site here
#include "types.h"
         ^
./types.h(3): note: unguarded header; consider using #ifdef guards or #pragma once
typedef char int8;
             ^
main.c(10): warning: In file included from...
./SYSTICK.h(1): warning: In file included from...
./types.h(4): warning: redefinition of typedef 'uint8' is a C11 feature [-Wtypedef-redefinition]
typedef unsigned char uint8;
                      ^
./DIO.h(3): note: './types.h' included multiple times, additional include site here
#include "types.h"
         ^
./SYSTICK.h(1): note: './types.h' included multiple times, additional include site here
#include "types.h"
         ^
./types.h(4): note: unguarded header; consider using #ifdef guards or #pragma once
typedef unsigned char uint8;
                      ^
main.c(10): warning: In file included from...
./SYSTICK.h(1): warning: In file included from...
./types.h(6): warning: redefinition of typedef 'int16' is a C11 feature [-Wtypedef-redefinition]
typedef short int int16;
                  ^
./DIO.h(3): note: './types.h' included multiple times, additional include site here
#include "types.h"
         ^
./SYSTICK.h(1): note: './types.h' included multiple times, additional include site here
#include "types.h"
         ^
./types.h(6): note: unguarded header; consider using #ifdef guards or #pragma once
typedef short int int16;
                  ^
main.c(10): warning: In file included from...
./SYSTICK.h(1): warning: In file included from...
./types.h(7): warning: redefinition of typedef 'uint16' is a C11 feature [-Wtypedef-redefinition]
typedef unsigned short int uint16;
                           ^
./DIO.h(3): note: './types.h' included multiple times, additional include site here
#include "types.h"
         ^
./SYSTICK.h(1): note: './types.h' included multiple times, additional include site here
#include "types.h"
         ^
./types.h(7): note: unguarded header; consider using #ifdef guards or #pragma once
typedef unsigned short int uint16;
                           ^
main.c(10): warning: In file included from...
./SYSTICK.h(1): warning: In file included from...
./types.h(9): warning: redefinition of typedef 'int32' is a C11 feature [-Wtypedef-redefinition]
typedef int int32;
            ^
./DIO.h(3): note: './types.h' included multiple times, additional include site here
#include "types.h"
         ^
./SYSTICK.h(1): note: './types.h' included multiple times, additional include site here
#include "types.h"
         ^
./types.h(9): note: unguarded header; consider using #ifdef guards or #pragma once
typedef int int32;
            ^
main.c(10): warning: In file included from...
./SYSTICK.h(1): warning: In file included from...
./types.h(10): warning: redefinition of typedef 'uint32' is a C11 feature [-Wtypedef-redefinition]
typedef unsigned int uint32;
                     ^
./DIO.h(3): note: './types.h' included multiple times, additional include site here
#include "types.h"
         ^
./SYSTICK.h(1): note: './types.h' included multiple times, additional include site here
#include "types.h"
         ^
./types.h(10): note: unguarded header; consider using #ifdef guards or #pragma once
typedef unsigned int uint32;
                     ^
main.c(10): warning: In file included from...
./SYSTICK.h(1): warning: In file included from...
./types.h(13): warning: redefinition of typedef 'int8_ptr' is a C11 feature [-Wtypedef-redefinition]
typedef char* int8_ptr;
              ^
./DIO.h(3): note: './types.h' included multiple times, additional include site here
#include "types.h"
         ^
./SYSTICK.h(1): note: './types.h' included multiple times, additional include site here
#include "types.h"
         ^
./types.h(13): note: unguarded header; consider using #ifdef guards or #pragma once
typedef char* int8_ptr;
              ^
main.c(10): warning: In file included from...
./SYSTICK.h(1): warning: In file included from...
./types.h(14): warning: redefinition of typedef 'uint8_ptr' is a C11 feature [-Wtypedef-redefinition]
typedef unsigned char* uint8_ptr;
                       ^
./DIO.h(3): note: './types.h' included multiple times, additional include site here
#include "types.h"
         ^
./SYSTICK.h(1): note: './types.h' included multiple times, additional include site here
#include "types.h"
         ^
./types.h(14): note: unguarded header; consider using #ifdef guards or #pragma once
typedef unsigned char* uint8_ptr;
                       ^
main.c(10): warning: In file included from...
./SYSTICK.h(1): warning: In file included from...
./types.h(16): warning: redefinition of typedef 'int16_ptr' is a C11 feature [-Wtypedef-redefinition]
typedef short int* int16_ptr;
                   ^
./DIO.h(3): note: './types.h' included multiple times, additional include site here
#include "types.h"
         ^
./SYSTICK.h(1): note: './types.h' included multiple times, additional include site here
#include "types.h"
         ^
./types.h(16): note: unguarded header; consider using #ifdef guards or #pragma once
typedef short int* int16_ptr;
                   ^
main.c(10): warning: In file included from...
./SYSTICK.h(1): warning: In file included from...
./types.h(17): warning: redefinition of typedef 'uint16_ptr' is a C11 feature [-Wtypedef-redefinition]
typedef unsigned short int* uint16_ptr;
                            ^
./DIO.h(3): note: './types.h' included multiple times, additional include site here
#include "types.h"
         ^
./SYSTICK.h(1): note: './types.h' included multiple times, additional include site here
#include "types.h"
         ^
./types.h(17): note: unguarded header; consider using #ifdef guards or #pragma once
typedef unsigned short int* uint16_ptr;
                            ^
main.c(10): warning: In file included from...
./SYSTICK.h(1): warning: In file included from...
./types.h(19): warning: redefinition of typedef 'int32_ptr' is a C11 feature [-Wtypedef-redefinition]
typedef int* int32_ptr;
             ^
./DIO.h(3): note: './types.h' included multiple times, additional include site here
#include "types.h"
         ^
./SYSTICK.h(1): note: './types.h' included multiple times, additional include site here
#include "types.h"
         ^
./types.h(19): note: unguarded header; consider using #ifdef guards or #pragma once
typedef int* int32_ptr;
             ^
main.c(10): warning: In file included from...
./SYSTICK.h(1): warning: In file included from...
./types.h(20): warning: redefinition of typedef 'uint32_ptr' is a C11 feature [-Wtypedef-redefinition]
typedef unsigned int* uint32_ptr;
                      ^
./DIO.h(3): note: './types.h' included multiple times, additional include site here
#include "types.h"
         ^
./SYSTICK.h(1): note: './types.h' included multiple times, additional include site here
#include "types.h"
         ^
./types.h(20): note: unguarded header; consider using #ifdef guards or #pragma once
typedef unsigned int* uint32_ptr;
                      ^
main.c(10): warning: In file included from...
./SYSTICK.h(3): warning: In file included from...
./bitwise_operation.h(1): warning: redefinition of typedef 'uint8' is a C11 feature [-Wtypedef-redefinition]
typedef unsigned char uint8;
                      ^
./types.h(4): note: previous definition is here
typedef unsigned char uint8;
                      ^
main.c(10): warning: In file included from...
./SYSTICK.h(3): warning: In file included from...
./bitwise_operation.h(4): warning: // comments are not allowed in this language [-Wcomment]
//#define Get_Bit(Register,Bit)  ({uint8 retval;retval=(Register&(1<<Bit)>>Bit;retval;})
^
./bitwise_operation.h(9): warning: no newline at end of file [-Wnewline-eof]
#define Toggle_Bit(Register,Bit)((Register)^=(1<<Bit))
                                                      ^
main.c(10): warning: In file included from...
./SYSTICK.h(13): warning: // comments are not allowed in this language [-Wcomment]
uint32 SYSTICK_PeriodGet(void); //function to get the period of timer in ticks
                                ^
./SYSTICK.h(23): warning: no newline at end of file [-Wnewline-eof]
#endif
      ^
main.c(15): warning: no previous extern declaration for non-static variable 'counter' [-Wmissing-variable-declarations]
char counter = 0;
     ^
main.c(15): note: declare 'static' if the variable is not intended to be used outside of this translation unit
char counter = 0;
^
main.c(17): warning: no previous prototype for function 'blink_red' [-Wmissing-prototypes]
void blink_red(void){
     ^
main.c(17): note: declare 'static' if the function is not intended to be used outside of this translation unit
void blink_red(void){
^
static 
main.c(17): warning: function 'blink_red' could be declared with attribute 'noreturn' [-Wmissing-noreturn]
void blink_red(void){
                    ^
main.c(32): warning: no previous prototype for function 'blink_blue' [-Wmissing-prototypes]
void blink_blue(void){
     ^
main.c(32): note: declare 'static' if the function is not intended to be used outside of this translation unit
void blink_blue(void){
^
static 
main.c(32): warning: function 'blink_blue' could be declared with attribute 'noreturn' [-Wmissing-noreturn]
void blink_blue(void){
                     ^
main.c(48): warning: no previous prototype for function 'setup' [-Wmissing-prototypes]
void setup(void){
     ^
main.c(48): note: declare 'static' if the function is not intended to be used outside of this translation unit
void setup(void){
^
static 
main.c(63): warning: mixing declarations and code is a C99 extension [-Wdeclaration-after-statement]
    volatile char run = 0;
                  ^
main.c(83): warning: no newline at end of file [-Wnewline-eof]
}
 ^
main.c(79): warning: no previous prototype for function 'SysTick_Handler' [-Wmissing-prototypes]
void SysTick_Handler(void)
     ^
main.c(79): note: declare 'static' if the function is not intended to be used outside of this translation unit
void SysTick_Handler(void)
^
static 
32 warnings generated.
compiling main.c...
linking...
Program Size: Code=2808 RO-data=636 RW-data=0 ZI-data=616  
".\Objects\rtos.axf" - 0 Error(s), 32 Warning(s).

<h2>Software Packages used:</h2>

Package Vendor: ARM
                http://www.keil.com/pack/ARM.CMSIS.5.9.0.pack
                ARM.CMSIS.5.9.0
                CMSIS (Common Microcontroller Software Interface Standard)
   * Component: CORE Version: 5.6.0

Package Vendor: Keil
                http://www.keil.com/pack/Keil.TM4C_DFP.1.1.0.pack
                Keil.TM4C_DFP.1.1.0
                Texas Instruments Tiva C Series Device Support and Examples
   * Component: Startup Version: 1.0.1

<h2>Collection of Component include folders:</h2>
  ./RTE/_Target_1
  C:/Users/user/AppData/Local/Arm/Packs/ARM/CMSIS/5.9.0/CMSIS/Core/Include
  C:/Users/user/AppData/Local/Arm/Packs/Keil/TM4C_DFP/1.1.0/Device/Include/TM4C123

<h2>Collection of Component Files used:</h2>

   * Component: ARM::CMSIS:CORE:5.6.0

   * Component: Keil::Device:Startup:1.0.1
      Source file:   Device/Source/ARM/startup_TM4C123.s
      Source file:   Device/Source/system_TM4C123.c
      Include file:  Device/Include/TM4C123/TM4C123.h
Build Time Elapsed:  00:00:01
</pre>
</body>
</html>
