<html>
<body>
<pre>
<h1>µVision Build Log</h1>
<h2>Tool Versions:</h2>
IDE-Version: µVision V5.38.0.0
Copyright (C) 2022 ARM Ltd and ARM Germany GmbH. All rights reserved.
License Information: Mohamed Khalifa, Ain Shams, LIC=----
 
Tool Versions:
Toolchain:       MDK-Lite  Version: 5.38.0.0
Toolchain Path:  C:\Keil_v5\ARM\ARMCLANG\Bin
C Compiler:      ArmClang.exe V6.19
Assembler:       Armasm.exe V6.19
Linker/Locator:  ArmLink.exe V6.19
Library Manager: ArmAr.exe V6.19
Hex Converter:   FromElf.exe V6.19
CPU DLL:         SARMCM3.DLL V5.38.0.0
Dialog DLL:      DCM.DLL V1.17.5.0
Target DLL:      lmidk-agdi.dll V???
Dialog DLL:      TCM.DLL V1.56.4.0
 
<h2>Project:</h2>
D:\College Data\Terms\Senior1 spring\RTOS\git_repo\Embedded-ARM-Drivers-80c01891a71d8d558aef102ef0d2bd517d403461\Embedded-ARM-Drivers-80c01891a71d8d558aef102ef0d2bd517d403461\RTOS Lab 1\rtos.uvprojx
Project File Date:  03/06/2024

<h2>Output:</h2>
*** Using Compiler 'V6.19', folder: 'C:\Keil_v5\ARM\ARMCLANG\Bin'
Build target 'Target 1'
scheduler.c(1): warning: In file included from...
./scheduler.h(11): warning: a function declaration without a prototype is deprecated in all versions of C [-Wstrict-prototypes]
    void (*sp)(); //Pointer to function
              ^
               void
./scheduler.h(11): warning: // comments are not allowed in this language [-Wcomment]
    void (*sp)(); //Pointer to function
                  ^
./scheduler.h(16): warning: a function declaration without a prototype is deprecated in all versions of C [-Wstrict-prototypes]
void create_task (void (*Task)(), uint32 ms_periodicity );
                              ^
                               void
./scheduler.h(19): warning: no newline at end of file [-Wnewline-eof]
#endif
      ^
scheduler.c(4): warning: a function declaration without a prototype is deprecated in all versions of C [-Wstrict-prototypes]
void create_task (void (*Task)(), uint32 ms_periodicity )
                              ^
                               void
scheduler.c(6): warning: array subscript is of type 'char' [-Wchar-subscripts]
                TCB_arr[pos].sp=Task;
                       ^~~~
scheduler.c(7): warning: array subscript is of type 'char' [-Wchar-subscripts]
                TCB_arr[pos].periodicity=ms_periodicity;
                       ^~~~
scheduler.c(16): warning: variable declaration in for loop is a C99-specific feature [-Wc99-extensions]
                 for(int i = 0; i < NUM_OF_TASKS ; i++){
                     ^
scheduler.c(16): warning: GCC does not allow variable declarations in for loop initializers before C99 [-Wgcc-compat]
scheduler.c(31): warning: no newline at end of file [-Wnewline-eof]
}
 ^
scheduler.c(2): warning: no previous extern declaration for non-static variable 'TCB_arr' [-Wmissing-variable-declarations]
osThread TCB_arr[NUM_OF_TASKS];
         ^
scheduler.c(2): note: declare 'static' if the variable is not intended to be used outside of this translation unit
osThread TCB_arr[NUM_OF_TASKS];
^
11 warnings generated.
compiling scheduler.c...
linking...
Program Size: Code=3060 RO-data=636 RW-data=0 ZI-data=640  
".\Objects\rtos.axf" - 0 Error(s), 11 Warning(s).

<h2>Software Packages used:</h2>

Package Vendor: ARM
                http://www.keil.com/pack/ARM.CMSIS.5.9.0.pack
                ARM.CMSIS.5.9.0
                CMSIS (Common Microcontroller Software Interface Standard)
   * Component: CORE Version: 5.6.0

Package Vendor: Keil
                http://www.keil.com/pack/Keil.TM4C_DFP.1.1.0.pack
                Keil.TM4C_DFP.1.1.0
                Texas Instruments Tiva C Series Device Support and Examples
   * Component: Startup Version: 1.0.1

<h2>Collection of Component include folders:</h2>
  ./RTE/_Target_1
  C:/Users/hp/AppData/Local/Arm/Packs/ARM/CMSIS/5.9.0/CMSIS/Core/Include
  C:/Users/hp/AppData/Local/Arm/Packs/Keil/TM4C_DFP/1.1.0/Device/Include/TM4C123

<h2>Collection of Component Files used:</h2>

   * Component: ARM::CMSIS:CORE:5.6.0

   * Component: Keil::Device:Startup:1.0.1
      Include file:  Device/Include/TM4C123/TM4C123.h
      Source file:   Device/Source/system_TM4C123.c
      Source file:   Device/Source/ARM/startup_TM4C123.s
Build Time Elapsed:  00:00:01
</pre>
</body>
</html>
